// Jest Snapshot v1, https://goo.gl/fbAQLP

exports[`my beverage matches snapshot 1`] = `
Object {
  "asFragment": [Function],
  "baseElement": <body>
    <div>
      <div
        class="app__header header col-12"
      >
        <span
          class="header__button"
        >
          LM
        </span>
        <ul
          class="header__nav"
        >
          <li
            class="header__nav-category"
          >
            Bio
          </li>
          <li
            class="header__nav-category"
          >
            Experience
          </li>
          <li
            class="header__nav-category"
          >
            Projects
          </li>
          <li
            class="header__nav-category"
          >
            Contact
          </li>
        </ul>
        <div
          class="header__switch"
          style="position: relative; display: inline-block; text-align: left; opacity: 1; direction: ltr; border-radius: 14px; transition: opacity 0.25s; user-select: none;"
        >
          <div
            class="react-switch-bg"
            style="height: 28px; width: 56px; margin: 0px; position: relative; background: rgb(255, 137, 6); border-radius: 14px; cursor: pointer; transition: background 0.25s;"
          >
            <div
              style="height: 28px; width: 30px; position: relative; opacity: 0; pointer-events: none; transition: opacity 0.25s;"
            >
              <svg
                height="100%"
                style="position: absolute; top: 0px;"
                viewBox="-2 -5 17 21"
                width="100%"
              >
                <path
                  d="M11.264 0L5.26 6.004 2.103 2.847 0 4.95l5.26 5.26 8.108-8.107L11.264 0"
                  fill="#fff"
                  fill-rule="evenodd"
                />
              </svg>
            </div>
            <div
              style="height: 28px; width: 30px; position: absolute; opacity: 1; right: 0px; top: 0px; pointer-events: none; transition: opacity 0.25s;"
            >
              <svg
                height="100%"
                style="position: absolute; top: 0px;"
                viewBox="-2 -5 14 20"
                width="100%"
              >
                <path
                  d="M9.9 2.12L7.78 0 4.95 2.828 2.12 0 0 2.12l2.83 2.83L0 7.776 2.123 9.9 4.95 7.07 7.78 9.9 9.9 7.776 7.072 4.95 9.9 2.12"
                  fill="#fff"
                  fill-rule="evenodd"
                />
              </svg>
            </div>
          </div>
          <div
            class="react-switch-handle"
            style="height: 26px; width: 26px; background: rgb(255, 255, 255); display: inline-block; cursor: pointer; border-radius: 50%; position: absolute; transform: translateX(1px); top: 1px; outline: 0; border: 0px; transition: background-color 0.25s, transform 0.25s, box-shadow 0.15s;"
          />
          <input
            aria-checked="false"
            role="switch"
            style="border: 0px; height: 1px; margin: -1px; overflow: hidden; padding: 0px; position: absolute; width: 1px;"
            type="checkbox"
          />
        </div>
      </div>
    </div>
  </body>,
  "container": <div>
    <div
      class="app__header header col-12"
    >
      <span
        class="header__button"
      >
        LM
      </span>
      <ul
        class="header__nav"
      >
        <li
          class="header__nav-category"
        >
          Bio
        </li>
        <li
          class="header__nav-category"
        >
          Experience
        </li>
        <li
          class="header__nav-category"
        >
          Projects
        </li>
        <li
          class="header__nav-category"
        >
          Contact
        </li>
      </ul>
      <div
        class="header__switch"
        style="position: relative; display: inline-block; text-align: left; opacity: 1; direction: ltr; border-radius: 14px; transition: opacity 0.25s; user-select: none;"
      >
        <div
          class="react-switch-bg"
          style="height: 28px; width: 56px; margin: 0px; position: relative; background: rgb(255, 137, 6); border-radius: 14px; cursor: pointer; transition: background 0.25s;"
        >
          <div
            style="height: 28px; width: 30px; position: relative; opacity: 0; pointer-events: none; transition: opacity 0.25s;"
          >
            <svg
              height="100%"
              style="position: absolute; top: 0px;"
              viewBox="-2 -5 17 21"
              width="100%"
            >
              <path
                d="M11.264 0L5.26 6.004 2.103 2.847 0 4.95l5.26 5.26 8.108-8.107L11.264 0"
                fill="#fff"
                fill-rule="evenodd"
              />
            </svg>
          </div>
          <div
            style="height: 28px; width: 30px; position: absolute; opacity: 1; right: 0px; top: 0px; pointer-events: none; transition: opacity 0.25s;"
          >
            <svg
              height="100%"
              style="position: absolute; top: 0px;"
              viewBox="-2 -5 14 20"
              width="100%"
            >
              <path
                d="M9.9 2.12L7.78 0 4.95 2.828 2.12 0 0 2.12l2.83 2.83L0 7.776 2.123 9.9 4.95 7.07 7.78 9.9 9.9 7.776 7.072 4.95 9.9 2.12"
                fill="#fff"
                fill-rule="evenodd"
              />
            </svg>
          </div>
        </div>
        <div
          class="react-switch-handle"
          style="height: 26px; width: 26px; background: rgb(255, 255, 255); display: inline-block; cursor: pointer; border-radius: 50%; position: absolute; transform: translateX(1px); top: 1px; outline: 0; border: 0px; transition: background-color 0.25s, transform 0.25s, box-shadow 0.15s;"
        />
        <input
          aria-checked="false"
          role="switch"
          style="border: 0px; height: 1px; margin: -1px; overflow: hidden; padding: 0px; position: absolute; width: 1px;"
          type="checkbox"
        />
      </div>
    </div>
  </div>,
  "debug": [Function],
  "findAllByAltText": [Function],
  "findAllByDisplayValue": [Function],
  "findAllByLabelText": [Function],
  "findAllByPlaceholderText": [Function],
  "findAllByRole": [Function],
  "findAllByTestId": [Function],
  "findAllByText": [Function],
  "findAllByTitle": [Function],
  "findByAltText": [Function],
  "findByDisplayValue": [Function],
  "findByLabelText": [Function],
  "findByPlaceholderText": [Function],
  "findByRole": [Function],
  "findByTestId": [Function],
  "findByText": [Function],
  "findByTitle": [Function],
  "getAllByAltText": [Function],
  "getAllByDisplayValue": [Function],
  "getAllByLabelText": [Function],
  "getAllByPlaceholderText": [Function],
  "getAllByRole": [Function],
  "getAllByTestId": [Function],
  "getAllByText": [Function],
  "getAllByTitle": [Function],
  "getByAltText": [Function],
  "getByDisplayValue": [Function],
  "getByLabelText": [Function],
  "getByPlaceholderText": [Function],
  "getByRole": [Function],
  "getByTestId": [Function],
  "getByText": [Function],
  "getByTitle": [Function],
  "queryAllByAltText": [Function],
  "queryAllByDisplayValue": [Function],
  "queryAllByLabelText": [Function],
  "queryAllByPlaceholderText": [Function],
  "queryAllByRole": [Function],
  "queryAllByTestId": [Function],
  "queryAllByText": [Function],
  "queryAllByTitle": [Function],
  "queryByAltText": [Function],
  "queryByDisplayValue": [Function],
  "queryByLabelText": [Function],
  "queryByPlaceholderText": [Function],
  "queryByRole": [Function],
  "queryByTestId": [Function],
  "queryByText": [Function],
  "queryByTitle": [Function],
  "rerender": [Function],
  "unmount": [Function],
}
`;
